Type-safe project accessors is an incubating feature.
> Task :clean UP-TO-DATE
> Task :mythicrod-common:clean
> Task :mythicrod-spigot:clean
> Task :compileJava NO-SOURCE
> Task :processResources NO-SOURCE
> Task :classes UP-TO-DATE
> Task :jar
> Task :assemble
> Task :check
> Task :build
> Task :mythicrod-common:compileJava
> Task :mythicrod-common:processResources
> Task :mythicrod-common:classes
> Task :mythicrod-common:jar
> Task :mythicrod-common:assemble
> Task :mythicrod-common:check
> Task :mythicrod-common:build

> Task :mythicrod-spigot:compileJava FAILED
/home/xcutiboo/Desktop/MythicRod/mythicrod-spigot/src/main/java/io/xcutiboo/mythicrod/spigot/fishing/FishingListener.java:65: error: method processCatch in class FishingService cannot be applied to given types;
        FishingResult result = fishingService.processCatch(hookId, plugin.wrapPlayer(player));
                                             ^
  required: UUID,PlatformPlayer,PlatformLocation,String
  found:    UUID,PlatformPlayer
  reason: actual and formal argument lists differ in length
/home/xcutiboo/Desktop/MythicRod/mythicrod-spigot/src/main/java/io/xcutiboo/mythicrod/spigot/fishing/FishingListener.java:104: error: cannot find symbol
        rewardService.giveExperience(plugin.wrapPlayer(player), xpAmount);
                     ^
  symbol:   method giveExperience(PlatformPlayer,int)
  location: variable rewardService of type RewardService
/home/xcutiboo/Desktop/MythicRod/mythicrod-spigot/src/main/java/io/xcutiboo/mythicrod/spigot/fishing/FishingListener.java:127: error: method cleanupStaleHooks in class FishingService cannot be applied to given types;
        fishingService.cleanupStaleHooks();
                      ^
  required: PlatformServer
  found:    no arguments
  reason: actual and formal argument lists differ in length
/home/xcutiboo/Desktop/MythicRod/mythicrod-spigot/src/main/java/io/xcutiboo/mythicrod/spigot/gui/menus/DropsMenu.java:177: error: cannot find symbol
            ItemStack dropItem = new ItemBuilder(drop.getMaterial())
                                                     ^
  symbol:   method getMaterial()
  location: variable drop of type CustomDrop
/home/xcutiboo/Desktop/MythicRod/mythicrod-spigot/src/main/java/io/xcutiboo/mythicrod/spigot/gui/menus/LanguageSwitchMenu.java:91: error: cannot find symbol
            plugin.getGUIManager().openMenu(player, "config");
                                            ^
  symbol:   variable player
  location: class LanguageSwitchMenu
/home/xcutiboo/Desktop/MythicRod/mythicrod-spigot/src/main/java/io/xcutiboo/mythicrod/spigot/gui/menus/LanguageSwitchMenu.java:104: error: cannot find symbol
                plugin.audiences().player((org.bukkit.entity.Player) player).sendMessage(displayName); // Cache for display
                                                                     ^
  symbol:   variable player
  location: class LanguageSwitchMenu
/home/xcutiboo/Desktop/MythicRod/mythicrod-spigot/src/main/java/io/xcutiboo/mythicrod/spigot/gui/menus/LanguageSwitchMenu.java:196: error: cannot find symbol
                p.playSound(p.getLocation(), org.bukkit.Sound.ENTITY_VILLAGER_NO, 1.0f, 1.0f);
                ^
  symbol:   variable p
  location: class LanguageSwitchMenu
/home/xcutiboo/Desktop/MythicRod/mythicrod-spigot/src/main/java/io/xcutiboo/mythicrod/spigot/gui/menus/LanguageSwitchMenu.java:196: error: cannot find symbol
                p.playSound(p.getLocation(), org.bukkit.Sound.ENTITY_VILLAGER_NO, 1.0f, 1.0f);
                            ^
  symbol:   variable p
  location: class LanguageSwitchMenu
/home/xcutiboo/Desktop/MythicRod/mythicrod-spigot/src/main/java/io/xcutiboo/mythicrod/spigot/gui/menus/LanguageSwitchMenu.java:225: error: cannot find symbol
        plugin.audiences().player((org.bukkit.entity.Player) player).sendMessage(component);
                                                             ^
  symbol:   variable player
  location: class LanguageSwitchMenu
/home/xcutiboo/Desktop/MythicRod/mythicrod-spigot/src/main/java/io/xcutiboo/mythicrod/spigot/gui/menus/MainHubMenu.java:47: error: cannot find symbol
            plugin.getGUIManager().openMenu(player, "config");
                                            ^
  symbol:   variable player
  location: class MainHubMenu
/home/xcutiboo/Desktop/MythicRod/mythicrod-spigot/src/main/java/io/xcutiboo/mythicrod/spigot/gui/menus/MainHubMenu.java:66: error: cannot find symbol
            plugin.getGUIManager().openMenu(player, "drops");
                                            ^
  symbol:   variable player
  location: class MainHubMenu
/home/xcutiboo/Desktop/MythicRod/mythicrod-spigot/src/main/java/io/xcutiboo/mythicrod/spigot/gui/menus/MainHubMenu.java:88: error: cannot find symbol
            plugin.getGUIManager().openMenu(player, "stats");
                                            ^
  symbol:   variable player
  location: class MainHubMenu
/home/xcutiboo/Desktop/MythicRod/mythicrod-spigot/src/main/java/io/xcutiboo/mythicrod/spigot/gui/menus/MainHubMenu.java:109: error: cannot find symbol
        if (player.hasPermission("mythicrod.admin.reload")) {
            ^
  symbol:   variable player
  location: class MainHubMenu
/home/xcutiboo/Desktop/MythicRod/mythicrod-spigot/src/main/java/io/xcutiboo/mythicrod/spigot/gui/menus/MainHubMenu.java:124: error: cannot find symbol
                player.closeInventory();
                ^
  symbol:   variable player
  location: class MainHubMenu
/home/xcutiboo/Desktop/MythicRod/mythicrod-spigot/src/main/java/io/xcutiboo/mythicrod/spigot/gui/menus/MainHubMenu.java:139: error: cannot find symbol
        setItem(45, closeItem, event -> player.closeInventory());
                                        ^
  symbol:   variable player
  location: class MainHubMenu
/home/xcutiboo/Desktop/MythicRod/mythicrod-spigot/src/main/java/io/xcutiboo/mythicrod/spigot/gui/menus/MainHubMenu.java:175: error: cannot find symbol
        plugin.audiences().player((org.bukkit.entity.Player) player).sendMessage(component);
                                                             ^
  symbol:   variable player
  location: class MainHubMenu
/home/xcutiboo/Desktop/MythicRod/mythicrod-spigot/src/main/java/io/xcutiboo/mythicrod/spigot/gui/menus/StatsMenu.java:147: error: cannot find symbol
            plugin.getGUIManager().openMainHub(player);
                                               ^
  symbol:   variable player
  location: class StatsMenu
/home/xcutiboo/Desktop/MythicRod/mythicrod-spigot/src/main/java/io/xcutiboo/mythicrod/spigot/gui/menus/StatsMenu.java:153: error: cannot find symbol
        setItem(53, closeItem, event -> player.closeInventory());
                                        ^
  symbol:   variable player
  location: class StatsMenu
/home/xcutiboo/Desktop/MythicRod/mythicrod-spigot/src/main/java/io/xcutiboo/mythicrod/spigot/gui/menus/StatsMenu.java:193: error: cannot find symbol
                boolean isCurrentPlayer = entry.getKey().equals(player.getUniqueId());
                                                                ^
  symbol:   variable player
  location: class StatsMenu
/home/xcutiboo/Desktop/MythicRod/mythicrod-spigot/src/main/java/io/xcutiboo/mythicrod/spigot/gui/menus/StatsMenu.java:236: error: cannot find symbol
        setItem(53, closeItem, event -> player.closeInventory());
                                        ^
  symbol:   variable player
  location: class StatsMenu
Note: /home/xcutiboo/Desktop/MythicRod/mythicrod-spigot/src/main/java/io/xcutiboo/mythicrod/item/SpigotPlatformItem.java uses or overrides a deprecated API.
Note: Recompile with -Xlint:deprecation for details.
20 errors

FAILURE: Build failed with an exception.

* What went wrong:
Execution failed for task ':mythicrod-spigot:compileJava'.
> Compilation failed; see the compiler error output for details.

* Try:
> Run with --info option to get more log output.
> Run with --scan to get full insights.

BUILD FAILED in 439ms
8 actionable tasks: 7 executed, 1 up-to-date
