Type-safe project accessors is an incubating feature.
> Task :compileJava NO-SOURCE
> Task :processResources NO-SOURCE
> Task :classes UP-TO-DATE

> Task :mythicrod-common:compileJava FAILED
C:\Users\xquti\Desktop\MythicRod\mythicrod-common\src\main\java\io\xcutiboo\mythicrod\drops\DropManager.java:298: error: method setDebugMode(boolean) is already defined in class DropManager
    public void setDebugMode(boolean debugMode) {
                ^
C:\Users\xquti\Desktop\MythicRod\mythicrod-common\src\main\java\io\xcutiboo\mythicrod\di\CommonModule.java:3: error: package com.google.inject does not exist
import com.google.inject.AbstractModule;
                        ^
C:\Users\xquti\Desktop\MythicRod\mythicrod-common\src\main\java\io\xcutiboo\mythicrod\di\CommonModule.java:4: error: package com.google.inject does not exist
import com.google.inject.Provides;
                        ^
C:\Users\xquti\Desktop\MythicRod\mythicrod-common\src\main\java\io\xcutiboo\mythicrod\di\CommonModule.java:5: error: package com.google.inject does not exist
import com.google.inject.Singleton;
                        ^
C:\Users\xquti\Desktop\MythicRod\mythicrod-common\src\main\java\io\xcutiboo\mythicrod\di\CommonModule.java:18: error: cannot find symbol
public class CommonModule extends AbstractModule {
                                  ^
  symbol: class AbstractModule
C:\Users\xquti\Desktop\MythicRod\mythicrod-common\src\main\java\io\xcutiboo\mythicrod\fishing\RewardService.java:10: error: package net.kyori.adventure.text does not exist
import net.kyori.adventure.text.Component;
                               ^
C:\Users\xquti\Desktop\MythicRod\mythicrod-common\src\main\java\io\xcutiboo\mythicrod\fishing\RewardService.java:11: error: package net.kyori.adventure.text.serializer.legacy does not exist
import net.kyori.adventure.text.serializer.legacy.LegacyComponentSerializer;
                                                 ^
C:\Users\xquti\Desktop\MythicRod\mythicrod-common\src\main\java\io\xcutiboo\mythicrod\di\CommonModule.java:30: error: cannot find symbol
    @Provides
     ^
  symbol:   class Provides
  location: class CommonModule
C:\Users\xquti\Desktop\MythicRod\mythicrod-common\src\main\java\io\xcutiboo\mythicrod\di\CommonModule.java:31: error: cannot find symbol
    @Singleton
     ^
  symbol:   class Singleton
  location: class CommonModule
C:\Users\xquti\Desktop\MythicRod\mythicrod-common\src\main\java\io\xcutiboo\mythicrod\di\CommonModule.java:38: error: cannot find symbol
    @Provides
     ^
  symbol:   class Provides
  location: class CommonModule
C:\Users\xquti\Desktop\MythicRod\mythicrod-common\src\main\java\io\xcutiboo\mythicrod\di\CommonModule.java:39: error: cannot find symbol
    @Singleton
     ^
  symbol:   class Singleton
  location: class CommonModule
C:\Users\xquti\Desktop\MythicRod\mythicrod-common\src\main\java\io\xcutiboo\mythicrod\di\CommonModule.java:44: error: cannot find symbol
    @Provides
     ^
  symbol:   class Provides
  location: class CommonModule
1 actionable task: 1 executed
C:\Users\xquti\Desktop\MythicRod\mythicrod-common\src\main\java\io\xcutiboo\mythicrod\di\CommonModule.java:45: error: cannot find symbol
    @Singleton
     ^
  symbol:   class Singleton
  location: class CommonModule
C:\Users\xquti\Desktop\MythicRod\mythicrod-common\src\main\java\io\xcutiboo\mythicrod\di\CommonModule.java:52: error: cannot find symbol
    @Provides
     ^
  symbol:   class Provides
  location: class CommonModule
C:\Users\xquti\Desktop\MythicRod\mythicrod-common\src\main\java\io\xcutiboo\mythicrod\di\CommonModule.java:53: error: cannot find symbol
    @Singleton
     ^
  symbol:   class Singleton
  location: class CommonModule
C:\Users\xquti\Desktop\MythicRod\mythicrod-common\src\main\java\io\xcutiboo\mythicrod\di\CommonModule.java:60: error: cannot find symbol
    @Provides
     ^
  symbol:   class Provides
  location: class CommonModule
C:\Users\xquti\Desktop\MythicRod\mythicrod-common\src\main\java\io\xcutiboo\mythicrod\di\CommonModule.java:61: error: cannot find symbol
    @Singleton
     ^
  symbol:   class Singleton
  location: class CommonModule
C:\Users\xquti\Desktop\MythicRod\mythicrod-common\src\main\java\io\xcutiboo\mythicrod\di\CommonModule.java:66: error: cannot find symbol
    @Provides
     ^
  symbol:   class Provides
  location: class CommonModule
C:\Users\xquti\Desktop\MythicRod\mythicrod-common\src\main\java\io\xcutiboo\mythicrod\di\CommonModule.java:67: error: cannot find symbol
    @Singleton
     ^
  symbol:   class Singleton
  location: class CommonModule
C:\Users\xquti\Desktop\MythicRod\mythicrod-common\src\main\java\io\xcutiboo\mythicrod\config\ConfigManager.java:71: error: cannot find symbol
        loadMainConfig();
        ^
  symbol:   method loadMainConfig()
  location: class ConfigManager
C:\Users\xquti\Desktop\MythicRod\mythicrod-common\src\main\java\io\xcutiboo\mythicrod\config\ConfigManager.java:72: error: cannot find symbol
        loadDropsConfig();
        ^
  symbol:   method loadDropsConfig()
  location: class ConfigManager
C:\Users\xquti\Desktop\MythicRod\mythicrod-common\src\main\java\io\xcutiboo\mythicrod\config\ConfigManager.java:73: error: cannot find symbol
        loadMessagesConfig();
        ^
  symbol:   method loadMessagesConfig()
  location: class ConfigManager
C:\Users\xquti\Desktop\MythicRod\mythicrod-common\src\main\java\io\xcutiboo\mythicrod\config\ConfigManager.java:74: error: cannot find symbol
        loadStatsConfig();
        ^
  symbol:   method loadStatsConfig()
  location: class ConfigManager
C:\Users\xquti\Desktop\MythicRod\mythicrod-common\src\main\java\io\xcutiboo\mythicrod\di\CommonModule.java:25: error: method does not override or implement a method from a supertype
    @Override
    ^
C:\Users\xquti\Desktop\MythicRod\mythicrod-common\src\main\java\io\xcutiboo\mythicrod\di\CommonModule.java:27: error: cannot find symbol
        bind(MythicRodPlugin.class).toInstance(plugin);
        ^
  symbol:   method bind(Class<MythicRodPlugin>)
  location: class CommonModule
C:\Users\xquti\Desktop\MythicRod\mythicrod-common\src\main\java\io\xcutiboo\mythicrod\di\CommonModule.java:34: error: cannot find symbol
        manager.initialize();
               ^
  symbol:   method initialize()
  location: variable manager of type ConfigManager
C:\Users\xquti\Desktop\MythicRod\mythicrod-common\src\main\java\io\xcutiboo\mythicrod\fishing\RewardService.java:55: error: cannot find symbol
            Component message = LegacyComponentSerializer.legacyAmpersand().deserialize(
            ^
  symbol:   class Component
  location: class RewardService
C:\Users\xquti\Desktop\MythicRod\mythicrod-common\src\main\java\io\xcutiboo\mythicrod\fishing\RewardService.java:55: error: cannot find symbol
            Component message = LegacyComponentSerializer.legacyAmpersand().deserialize(
                                ^
  symbol:   variable LegacyComponentSerializer
  location: class RewardService
C:\Users\xquti\Desktop\MythicRod\mythicrod-common\src\main\java\io\xcutiboo\mythicrod\fishing\RewardService.java:60: error: cannot find symbol
            plugin.sendFormattedMessage(player, LegacyComponentSerializer.legacyAmpersand().serialize(message));
                                                ^
  symbol:   variable LegacyComponentSerializer
  location: class RewardService
29 errors

FAILURE: Build failed with an exception.

* What went wrong:
Execution failed for task ':mythicrod-common:compileJava'.
> Compilation failed; see the compiler error output for details.

* Try:
> Run with --info option to get more log output.
> Run with --scan to get full insights.

BUILD FAILED in 761ms
